// Jest Snapshot v1, https://goo.gl/fbAQLP

exports[`should take a snapshot 1`] = `
<DocumentFragment>
  <nav
    class="navbar"
  >
    <div
      class="navbar-container"
    >
      <a
        class="navbar-logo"
        href="/"
      >
        Beautiful Bangladesh
        <i
          aria-hidden="true"
          class="fa fa-leaf"
        />
      </a>
      <div
        class="menu-icon"
      >
        <i
          class="fas fa-bars"
        />
      </div>
      <ul
        class="nav-menu"
      >
        <li
          class="nav-item"
        >
          <a
            class="nav-links"
            href="/"
          >
            Home
          </a>
        </li>
        <li
          class="nav-item"
        >
          <a
            class="nav-links"
            href="/About"
          >
            About
          </a>
        </li>
        <li
          class="nav-item"
        >
          <a
            class="nav-links"
            href="/destinations"
          >
            Destinations
          </a>
        </li>
      </ul>
    </div>
  </nav>
  <div>
    <div
      class="video-container"
    >
      <video
        autoplay=""
        loop=""
        src="/video_sunset.mp4"
      />
      <h1>
        Visit Bangladesh
      </h1>
      <p>
        The land of beauty
      </p>
    </div>
    <div
      class="cards"
    >
      <h1>
        Check out these EPIC Destinations!
      </h1>
      <div
        class="cards__container"
      >
        <div
          class="cards__wrapper"
        >
          <ul
            class="cards__items"
          >
            <li
              class="cards__item"
            >
              <a
                class="cards__item__link"
                href="/services"
              >
                <figure
                  class="cards__item__pic-wrap"
                  data-category="Adventure"
                >
                  <img
                    alt="Travel"
                    class="cards__item__img"
                    src="/images/ctg-hilltracts.jpeg"
                  />
                </figure>
                <div
                  class="cards__item__info"
                >
                  <h5
                    class="cards__item__text"
                  >
                    Explore the hidden waterfall in the hilltracts of Chittagong
                  </h5>
                </div>
              </a>
            </li>
            <li
              class="cards__item"
            >
              <a
                class="cards__item__link"
                href="/services"
              >
                <figure
                  class="cards__item__pic-wrap"
                  data-category="Mystery"
                >
                  <img
                    alt="Travel"
                    class="cards__item__img"
                    src="/images/nature-beauty-of-cox.jpeg"
                  />
                </figure>
                <div
                  class="cards__item__info"
                >
                  <h5
                    class="cards__item__text"
                  >
                    Experience the natural beauty of the longest beach
                  </h5>
                </div>
              </a>
            </li>
          </ul>
          <ul
            class="cards__items"
          >
            <li
              class="cards__item"
            >
              <a
                class="cards__item__link"
                href="/services"
              >
                <figure
                  class="cards__item__pic-wrap"
                  data-category="Nature"
                >
                  <img
                    alt="Travel"
                    class="cards__item__img"
                    src="/images/Rangamati.jpeg"
                  />
                </figure>
                <div
                  class="cards__item__info"
                >
                  <h5
                    class="cards__item__text"
                  >
                    Amazing nature to deep in
                  </h5>
                </div>
              </a>
            </li>
            <li
              class="cards__item"
            >
              <a
                class="cards__item__link"
                href="/products"
              >
                <figure
                  class="cards__item__pic-wrap"
                  data-category="Heritage"
                >
                  <img
                    alt="Travel"
                    class="cards__item__img"
                    src="/images/parlament.jpeg"
                  />
                </figure>
                <div
                  class="cards__item__info"
                >
                  <h5
                    class="cards__item__text"
                  >
                    The parlament building
                  </h5>
                </div>
              </a>
            </li>
            <li
              class="cards__item"
            >
              <a
                class="cards__item__link"
                href="/sign-up"
              >
                <figure
                  class="cards__item__pic-wrap"
                  data-category="Adventure"
                >
                  <img
                    alt="Travel"
                    class="cards__item__img"
                    src="/images/Sajek.jpeg"
                  />
                </figure>
                <div
                  class="cards__item__info"
                >
                  <h5
                    class="cards__item__text"
                  >
                    Take a deep breath high close to the sky
                  </h5>
                </div>
              </a>
            </li>
          </ul>
        </div>
      </div>
    </div>
    <div
      class="footer-container"
    >
      <div
        class="footer-links"
      >
        <div
          class="footer-link-wrapper"
        >
          <div
            class="footer-link-items"
          >
            <h2>
              About Us
            </h2>
            <a
              href="/destinations"
            >
              Destinations
            </a>
            <a
              href="/About"
            >
              About Bangladesh
            </a>
          </div>
          <div
            class="footer-link-items"
          >
            <h2>
              Contact Us
            </h2>
            <a
              href="/"
            >
              Contact
            </a>
            <a
              href="/"
            >
              Support
            </a>
          </div>
          <div
            class="footer-link-items"
          >
            <h2>
              Social Media
            </h2>
            <a
              href="https://facebook.com"
              target="_blank"
            >
              Facebook
            </a>
            <a
              href="https://youtube.com"
              target="_blank"
            >
              Youtube
            </a>
          </div>
        </div>
      </div>
      <section
        class="social-media"
      >
        <div
          class="social-media-wrap"
        >
          <div
            class="footer-logo"
          >
            <a
              class="social-logo"
              href="/"
            >
              Beautiful Bangladesh
              <i
                aria-hidden="true"
                class="fa fa-leaf"
              />
            </a>
          </div>
          <small
            class="website-rights"
          >
            Copyright Â© 2022
          </small>
          <div
            class="social-icons"
          >
            <a
              aria-label="Facebook"
              class="social-icon-link facebook"
              href="https://facebook.com"
              target="_blank"
            >
              <i
                class="fab fa-facebook-f"
              />
            </a>
            <a
              aria-label="Instagram"
              class="social-icon-link instagram"
              href="https://instagram.com"
              target="_blank"
            >
              <i
                class="fab fa-instagram"
              />
            </a>
            <a
              aria-label="Youtube"
              class="social-icon-link youtube"
              href="https://youtube.com"
              target="_blank"
            >
              <i
                class="fab fa-youtube"
              />
            </a>
            <a
              aria-label="Twitter"
              class="social-icon-link twitter"
              href="https://twitter.com"
              target="_blank"
            >
              <i
                class="fab fa-twitter"
              />
            </a>
            <a
              aria-label="LinkedIn"
              class="social-icon-link twitter"
              href="https://linkedin.com"
              target="_blank"
            >
              <i
                class="fab fa-linkedin"
              />
            </a>
          </div>
        </div>
      </section>
    </div>
  </div>
</DocumentFragment>
`;
